2025/12/11 11:23:28 AM - __main__ - INFO - Logging timestamps are respect to America/Lima timezone
2025/12/11 11:23:28 AM - __main__ - INFO - Starting simulation
2025/12/11 11:23:28 AM - __main__ - INFO - Running simulations for DMI=0.5
2025/12/11 11:23:28 AM - __main__ - INFO - ==========================================
2025/12/11 11:23:28 AM - __main__ - INFO - ---For Ku=0.5---
2025/12/11 11:23:28 AM - __main__ - INFO - Running simulation for D=150 nm and Msat=260 kA/m
2025/12/11 11:27:13 AM - __main__ - INFO - 	 Simulation time=225.70 s
2025/12/11 11:27:14 AM - __main__ - INFO - Running simulation for D=150 nm and Msat=280 kA/m
2025/12/11 11:28:55 AM - __main__ - INFO - 	 Simulation time=100.66 s
2025/12/11 11:28:55 AM - __main__ - INFO - Running simulation for D=150 nm and Msat=300 kA/m
2025/12/11 11:30:15 AM - __main__ - INFO - 	 Simulation time=79.89 s
2025/12/11 11:30:15 AM - __main__ - INFO - Running simulation for D=150 nm and Msat=320 kA/m
2025/12/11 11:31:17 AM - __main__ - INFO - 	 Simulation time=61.86 s
2025/12/11 11:31:17 AM - __main__ - INFO - Running simulation for D=150 nm and Msat=340 kA/m
2025/12/11 11:32:08 AM - __main__ - INFO - 	 Simulation time=51.58 s
2025/12/11 11:32:08 AM - __main__ - INFO - Running simulation for D=150 nm and Msat=360 kA/m
2025/12/11 11:33:59 AM - __main__ - INFO - 	 Simulation time=110.06 s
2025/12/11 11:33:59 AM - __main__ - INFO - Running simulation for D=150 nm and Msat=380 kA/m
2025/12/11 11:35:11 AM - __main__ - INFO - 	 Simulation time=71.99 s
2025/12/11 11:35:11 AM - __main__ - INFO - Running simulation for D=150 nm and Msat=400 kA/m
2025/12/11 11:36:57 AM - __main__ - INFO - 	 Simulation time=105.90 s
2025/12/11 11:36:57 AM - __main__ - INFO - Running simulation for D=150 nm and Msat=420 kA/m
2025/12/11 11:43:29 AM - __main__ - INFO - 	 Simulation time=392.01 s
2025/12/11 11:43:29 AM - __main__ - INFO - Running simulation for D=150 nm and Msat=440 kA/m
2025/12/11 11:44:22 AM - __main__ - INFO - 	 Simulation time=52.90 s
2025/12/11 11:44:22 AM - __main__ - INFO - Running simulation for D=225 nm and Msat=260 kA/m
2025/12/11 11:47:43 AM - __main__ - INFO - 	 Simulation time=200.80 s
2025/12/11 11:47:43 AM - __main__ - INFO - Running simulation for D=225 nm and Msat=280 kA/m
2025/12/11 11:52:25 AM - __main__ - INFO - 	 Simulation time=281.84 s
2025/12/11 11:52:25 AM - __main__ - INFO - Running simulation for D=225 nm and Msat=300 kA/m
2025/12/11 11:53:01 AM - __main__ - INFO - 	 Simulation time=36.18 s
2025/12/11 11:53:01 AM - __main__ - INFO - Running simulation for D=225 nm and Msat=320 kA/m
2025/12/11 11:58:54 AM - __main__ - INFO - 	 Simulation time=353.23 s
2025/12/11 11:58:55 AM - __main__ - INFO - Running simulation for D=225 nm and Msat=340 kA/m
2025/12/11 12:01:53 PM - __main__ - INFO - 	 Simulation time=178.85 s
2025/12/11 12:01:54 PM - __main__ - INFO - Running simulation for D=225 nm and Msat=360 kA/m
2025/12/11 12:06:16 PM - __main__ - INFO - 	 Simulation time=262.23 s
2025/12/11 12:06:16 PM - __main__ - INFO - Running simulation for D=225 nm and Msat=380 kA/m
2025/12/11 12:15:43 PM - __main__ - INFO - 	 Simulation time=566.65 s
2025/12/11 12:15:43 PM - __main__ - INFO - Running simulation for D=225 nm and Msat=400 kA/m
2025/12/11 12:30:42 PM - __main__ - INFO - 	 Simulation time=899.52 s
2025/12/11 12:30:42 PM - __main__ - INFO - Running simulation for D=225 nm and Msat=420 kA/m
2025/12/11 12:40:01 PM - __main__ - INFO - 	 Simulation time=558.65 s
2025/12/11 12:40:01 PM - __main__ - INFO - Running simulation for D=225 nm and Msat=440 kA/m
2025/12/11 12:41:10 PM - __main__ - INFO - 	 Simulation time=68.44 s
2025/12/11 12:41:10 PM - __main__ - INFO - Running simulation for D=300 nm and Msat=260 kA/m
2025/12/11 12:45:10 PM - __main__ - INFO - 	 Simulation time=240.60 s
2025/12/11 12:45:11 PM - __main__ - INFO - Running simulation for D=300 nm and Msat=280 kA/m
2025/12/11 12:56:07 PM - __main__ - INFO - 	 Simulation time=656.26 s
2025/12/11 12:56:07 PM - __main__ - INFO - Running simulation for D=300 nm and Msat=300 kA/m
2025/12/11 13:00:14 PM - __main__ - INFO - 	 Simulation time=247.23 s
2025/12/11 13:00:14 PM - __main__ - INFO - Running simulation for D=300 nm and Msat=320 kA/m
2025/12/11 13:05:06 PM - __main__ - INFO - 	 Simulation time=292.18 s
2025/12/11 13:05:07 PM - __main__ - INFO - Running simulation for D=300 nm and Msat=340 kA/m
2025/12/11 13:20:28 PM - __main__ - INFO - 	 Simulation time=921.56 s
2025/12/11 13:20:28 PM - __main__ - INFO - Running simulation for D=300 nm and Msat=360 kA/m
2025/12/11 13:33:00 PM - __main__ - INFO - 	 Simulation time=751.69 s
2025/12/11 13:33:00 PM - __main__ - INFO - Running simulation for D=300 nm and Msat=380 kA/m
2025/12/11 13:49:34 PM - __main__ - INFO - 	 Simulation time=994.28 s
2025/12/11 13:49:35 PM - __main__ - INFO - Running simulation for D=300 nm and Msat=400 kA/m
2025/12/11 14:11:34 PM - __main__ - INFO - 	 Simulation time=1319.59 s
2025/12/11 14:11:34 PM - __main__ - INFO - Running simulation for D=300 nm and Msat=420 kA/m
2025/12/11 14:20:27 PM - __main__ - INFO - 	 Simulation time=532.31 s
2025/12/11 14:20:27 PM - __main__ - INFO - Running simulation for D=300 nm and Msat=440 kA/m
2025/12/11 14:22:30 PM - __main__ - INFO - 	 Simulation time=122.85 s
2025/12/11 14:22:30 PM - __main__ - INFO - Running simulation for D=375 nm and Msat=260 kA/m
2025/12/11 14:27:31 PM - __main__ - INFO - 	 Simulation time=301.17 s
2025/12/11 14:27:31 PM - __main__ - INFO - Running simulation for D=375 nm and Msat=280 kA/m
2025/12/11 14:35:55 PM - __main__ - INFO - 	 Simulation time=503.82 s
2025/12/11 14:35:55 PM - __main__ - INFO - Running simulation for D=375 nm and Msat=300 kA/m
2025/12/11 14:38:39 PM - __main__ - INFO - 	 Simulation time=164.17 s
2025/12/11 14:38:39 PM - __main__ - INFO - Running simulation for D=375 nm and Msat=320 kA/m
2025/12/11 14:43:48 PM - __main__ - INFO - 	 Simulation time=308.64 s
2025/12/11 14:43:48 PM - __main__ - INFO - Running simulation for D=375 nm and Msat=340 kA/m
2025/12/11 14:59:47 PM - __main__ - INFO - 	 Simulation time=959.01 s
2025/12/11 14:59:47 PM - __main__ - INFO - Running simulation for D=375 nm and Msat=360 kA/m
2025/12/11 15:04:41 PM - __main__ - INFO - 	 Simulation time=293.18 s
2025/12/11 15:04:41 PM - __main__ - INFO - Running simulation for D=375 nm and Msat=380 kA/m
2025/12/11 15:27:28 PM - __main__ - INFO - 	 Simulation time=1366.90 s
2025/12/11 15:27:28 PM - __main__ - INFO - Running simulation for D=375 nm and Msat=400 kA/m
2025/12/11 15:54:20 PM - __main__ - INFO - 	 Simulation time=1612.15 s
2025/12/11 15:54:20 PM - __main__ - INFO - Running simulation for D=375 nm and Msat=420 kA/m
2025/12/11 16:28:45 PM - __main__ - INFO - 	 Simulation time=2064.65 s
2025/12/11 16:28:45 PM - __main__ - INFO - Running simulation for D=375 nm and Msat=440 kA/m
2025/12/11 16:46:05 PM - __main__ - INFO - 	 Simulation time=1040.46 s
2025/12/11 16:46:05 PM - __main__ - INFO - Running simulation for D=450 nm and Msat=260 kA/m
2025/12/11 16:52:06 PM - __main__ - INFO - 	 Simulation time=360.45 s
2025/12/11 16:52:06 PM - __main__ - INFO - Running simulation for D=450 nm and Msat=280 kA/m
2025/12/11 17:01:41 PM - __main__ - INFO - 	 Simulation time=574.96 s
2025/12/11 17:01:41 PM - __main__ - INFO - Running simulation for D=450 nm and Msat=300 kA/m
2025/12/11 17:06:01 PM - __main__ - INFO - 	 Simulation time=260.19 s
2025/12/11 17:06:02 PM - __main__ - INFO - Running simulation for D=450 nm and Msat=320 kA/m
2025/12/11 17:10:30 PM - __main__ - INFO - 	 Simulation time=268.79 s
2025/12/11 17:10:30 PM - __main__ - INFO - Running simulation for D=450 nm and Msat=340 kA/m
2025/12/11 17:30:07 PM - __main__ - INFO - 	 Simulation time=1176.60 s
2025/12/11 17:30:07 PM - __main__ - INFO - Running simulation for D=450 nm and Msat=360 kA/m
2025/12/11 17:56:25 PM - __main__ - INFO - 	 Simulation time=1577.94 s
2025/12/11 17:56:25 PM - __main__ - INFO - Running simulation for D=450 nm and Msat=380 kA/m
2025/12/11 18:24:58 PM - __main__ - INFO - 	 Simulation time=1712.56 s
2025/12/11 18:24:58 PM - __main__ - INFO - Running simulation for D=450 nm and Msat=400 kA/m
2025/12/11 18:56:05 PM - __main__ - INFO - 	 Simulation time=1866.98 s
2025/12/11 18:56:05 PM - __main__ - INFO - Running simulation for D=450 nm and Msat=420 kA/m
2025/12/11 19:32:54 PM - __main__ - INFO - 	 Simulation time=2208.43 s
2025/12/11 19:32:54 PM - __main__ - INFO - Running simulation for D=450 nm and Msat=440 kA/m
2025/12/11 19:50:55 PM - __main__ - INFO - 	 Simulation time=1081.67 s
2025/12/11 19:50:56 PM - __main__ - INFO - Running simulation for D=525 nm and Msat=260 kA/m
2025/12/11 19:59:00 PM - __main__ - INFO - 	 Simulation time=484.72 s
2025/12/11 19:59:01 PM - __main__ - INFO - Running simulation for D=525 nm and Msat=280 kA/m
2025/12/11 20:02:08 PM - __main__ - INFO - 	 Simulation time=187.92 s
2025/12/11 20:02:09 PM - __main__ - INFO - Running simulation for D=525 nm and Msat=300 kA/m
2025/12/11 20:07:37 PM - __main__ - INFO - 	 Simulation time=328.16 s
2025/12/11 20:07:37 PM - __main__ - INFO - Running simulation for D=525 nm and Msat=320 kA/m
2025/12/11 20:13:22 PM - __main__ - INFO - 	 Simulation time=345.47 s
2025/12/11 20:13:23 PM - __main__ - INFO - Running simulation for D=525 nm and Msat=340 kA/m
2025/12/11 20:37:57 PM - __main__ - INFO - 	 Simulation time=1473.92 s
2025/12/11 20:37:57 PM - __main__ - INFO - Running simulation for D=525 nm and Msat=360 kA/m
2025/12/11 21:11:14 PM - __main__ - INFO - 	 Simulation time=1997.00 s
2025/12/11 21:11:14 PM - __main__ - INFO - Running simulation for D=525 nm and Msat=380 kA/m
2025/12/11 21:20:18 PM - __main__ - INFO - 	 Simulation time=543.90 s
2025/12/11 21:20:18 PM - __main__ - INFO - Running simulation for D=525 nm and Msat=400 kA/m
2025/12/11 21:52:01 PM - __main__ - INFO - 	 Simulation time=1903.21 s
2025/12/11 21:52:01 PM - __main__ - INFO - Running simulation for D=525 nm and Msat=420 kA/m
2025/12/11 22:04:22 PM - __main__ - INFO - 	 Simulation time=741.16 s
2025/12/11 22:04:23 PM - __main__ - INFO - Running simulation for D=525 nm and Msat=440 kA/m
2025/12/11 22:10:49 PM - __main__ - INFO - 	 Simulation time=386.48 s
2025/12/11 22:10:49 PM - __main__ - INFO - Running simulation for D=600 nm and Msat=260 kA/m
2025/12/11 22:13:37 PM - __main__ - INFO - 	 Simulation time=168.00 s
2025/12/11 22:13:37 PM - __main__ - INFO - Running simulation for D=600 nm and Msat=280 kA/m
2025/12/11 22:18:00 PM - __main__ - INFO - 	 Simulation time=262.63 s
2025/12/11 22:18:00 PM - __main__ - INFO - Running simulation for D=600 nm and Msat=300 kA/m
2025/12/11 22:19:55 PM - __main__ - INFO - 	 Simulation time=115.35 s
2025/12/11 22:19:55 PM - __main__ - INFO - Running simulation for D=600 nm and Msat=320 kA/m
2025/12/11 22:23:32 PM - __main__ - INFO - 	 Simulation time=216.37 s
2025/12/11 22:23:32 PM - __main__ - INFO - Running simulation for D=600 nm and Msat=340 kA/m
2025/12/11 22:32:28 PM - __main__ - INFO - 	 Simulation time=536.47 s
2025/12/11 22:32:29 PM - __main__ - INFO - Running simulation for D=600 nm and Msat=360 kA/m
2025/12/11 22:45:19 PM - __main__ - INFO - 	 Simulation time=770.42 s
2025/12/11 22:45:19 PM - __main__ - INFO - Running simulation for D=600 nm and Msat=380 kA/m
2025/12/11 22:48:50 PM - __main__ - INFO - 	 Simulation time=210.85 s
2025/12/11 22:48:50 PM - __main__ - INFO - Running simulation for D=600 nm and Msat=400 kA/m
2025/12/11 23:00:37 PM - __main__ - INFO - 	 Simulation time=706.47 s
2025/12/11 23:00:37 PM - __main__ - INFO - Running simulation for D=600 nm and Msat=420 kA/m
2025/12/11 23:13:10 PM - __main__ - INFO - 	 Simulation time=752.88 s
2025/12/11 23:13:10 PM - __main__ - INFO - Running simulation for D=600 nm and Msat=440 kA/m
2025/12/11 23:26:09 PM - __main__ - INFO - 	 Simulation time=778.83 s
2025/12/11 23:26:09 PM - __main__ - INFO - Running simulation for D=675 nm and Msat=260 kA/m
2025/12/11 23:29:29 PM - __main__ - INFO - 	 Simulation time=200.30 s
2025/12/11 23:29:29 PM - __main__ - INFO - Running simulation for D=675 nm and Msat=280 kA/m
2025/12/11 23:33:38 PM - __main__ - INFO - 	 Simulation time=248.27 s
2025/12/11 23:33:38 PM - __main__ - INFO - Running simulation for D=675 nm and Msat=300 kA/m
2025/12/11 23:35:59 PM - __main__ - INFO - 	 Simulation time=141.04 s
2025/12/11 23:35:59 PM - __main__ - INFO - Running simulation for D=675 nm and Msat=320 kA/m
2025/12/11 23:40:24 PM - __main__ - INFO - 	 Simulation time=265.16 s
2025/12/11 23:40:24 PM - __main__ - INFO - Running simulation for D=675 nm and Msat=340 kA/m
2025/12/11 23:51:21 PM - __main__ - INFO - 	 Simulation time=656.46 s
2025/12/11 23:51:21 PM - __main__ - INFO - Running simulation for D=675 nm and Msat=360 kA/m
2025/12/12 00:07:56 AM - __main__ - INFO - 	 Simulation time=995.05 s
2025/12/12 00:07:56 AM - __main__ - INFO - Running simulation for D=675 nm and Msat=380 kA/m
2025/12/12 00:12:57 AM - __main__ - INFO - 	 Simulation time=300.95 s
2025/12/12 00:12:57 AM - __main__ - INFO - Running simulation for D=675 nm and Msat=400 kA/m
2025/12/12 00:26:33 AM - __main__ - INFO - 	 Simulation time=815.29 s
2025/12/12 00:26:33 AM - __main__ - INFO - Running simulation for D=675 nm and Msat=420 kA/m
2025/12/12 00:40:15 AM - __main__ - INFO - 	 Simulation time=822.11 s
2025/12/12 00:40:15 AM - __main__ - INFO - Running simulation for D=675 nm and Msat=440 kA/m
2025/12/12 00:53:46 AM - __main__ - INFO - 	 Simulation time=811.27 s
2025/12/12 00:53:47 AM - __main__ - INFO - Running simulation for D=750 nm and Msat=260 kA/m
2025/12/12 00:58:17 AM - __main__ - INFO - 	 Simulation time=270.10 s
2025/12/12 00:58:17 AM - __main__ - INFO - Running simulation for D=750 nm and Msat=280 kA/m
2025/12/12 01:03:29 AM - __main__ - INFO - 	 Simulation time=312.20 s
2025/12/12 01:03:29 AM - __main__ - INFO - Running simulation for D=750 nm and Msat=300 kA/m
2025/12/12 01:06:45 AM - __main__ - INFO - 	 Simulation time=195.66 s
2025/12/12 01:06:45 AM - __main__ - INFO - Running simulation for D=750 nm and Msat=320 kA/m
2025/12/12 01:11:53 AM - __main__ - INFO - 	 Simulation time=308.28 s
2025/12/12 01:11:53 AM - __main__ - INFO - Running simulation for D=750 nm and Msat=340 kA/m
2025/12/12 01:26:45 AM - __main__ - INFO - 	 Simulation time=891.18 s
2025/12/12 01:26:45 AM - __main__ - INFO - Running simulation for D=750 nm and Msat=360 kA/m
2025/12/12 03:39:25 AM - __main__ - INFO - 	 Simulation time=7959.67 s
2025/12/12 03:39:25 AM - __main__ - INFO - Running simulation for D=750 nm and Msat=380 kA/m
2025/12/12 03:48:11 AM - __main__ - INFO - 	 Simulation time=526.56 s
2025/12/12 03:48:11 AM - __main__ - INFO - Running simulation for D=750 nm and Msat=400 kA/m
2025/12/12 04:03:26 AM - __main__ - INFO - 	 Simulation time=914.85 s
2025/12/12 04:03:27 AM - __main__ - INFO - Running simulation for D=750 nm and Msat=420 kA/m
2025/12/12 04:20:06 AM - __main__ - INFO - 	 Simulation time=999.16 s
2025/12/12 04:20:06 AM - __main__ - INFO - Running simulation for D=750 nm and Msat=440 kA/m
2025/12/12 04:36:55 AM - __main__ - INFO - 	 Simulation time=1009.22 s
